задание: 2.1.3
проект: 211-command-usb
устройство: 2e8a:000a
серийный номер: E660D4A0A79A7134
порт: COM3
начало: 2026-10-07T00:12:34
   0.000 --> mem_info
   0.172 <-- mem_info
   0.172 <-- dbg read_line:124 got mem_info
   0.172 <-- area       start      end        size
   0.172 <-- flash      0x10000000 0x10200000  2097152
   0.172 <-- sram       0x20000000 0x20042000   270336
   0.172 <-- rom        0x00000000 0x00004000    16384
   0.172 <-- image      0x10000000 0x10008464    33892
   0.172 <-- free       0x10008464 0x10200000  2063260
   0.172 <-- boot2      0x10000000 0x10000100      256
   0.172 <-- text       0x10000100 0x100074f4    29684
   0.172 <-- data flash 0x100074f4 0x10008464     3952
   0.172 <-- data ram   0x200000c0 0x20001030     3952
   0.172 <-- bss        0x20001030 0x20001c6c     3132
   0.172 <-- heap       0x20001c6c 0x20040000   254868
   0.172 <-- stack      0x20041800 0x20042000     2048
   0.172 <-- total
   0.172 <-- flash image     33892 = boot2 256 + text 29684 + data 3952
   0.172 <-- flash free    2063260 of 2097152
   0.172 <-- ram used         7084 = data 3952 + bss 3132
   0.172 <-- ram free       254868 for hear and 2048 for stack
итог: отправлено команд 1, принято строк 20
