задание: 2.1.4
проект: 211-command-usb
устройство: 2e8a:000a
серийный номер: E660D4A0A79A7134
порт: COM3
начало: 2026-10-08T23:12:46
   0.000 --> fw_info
   0.157 <-- fw_info
   0.157 <-- dbg read_line:133 got fw_info
   0.157 <-- object         address    value
   0.157 <-- main           0x10000329 0xb5f0
   0.157 <-- fw_info        0x10000691 0x4b40
   0.157 <-- commands       0x10007bd4
   0.157 <-- - enable       0x10000280
   0.157 <-- - disable      0x100002bc
   0.157 <-- - info         0x100002f8
   0.157 <-- - version      0x10000300
   0.157 <-- - ping         0x10000308
   0.157 <-- - mem_info     0x10000318
   0.157 <-- - fw_info      0x10000320
   0.157 <-- DEVICE_PROJECT 0x100076f8 211-command-usb
   0.157 <-- DEVICE_BOARD   0x10007750 pico
   0.157 <-- data_variable  0x20000f40 101
   0.157 <-- bss_variable   0x20001f0c 1
   0.157 <-- stack_variable 0x20041f7c 1946
   0.157 <-- heap_variable  0x20002410 1951
   2.204 --> fw_info
   2.360 <-- fw_info
   2.360 <-- dbg read_line:133 got fw_info
   2.360 <-- object         address    value
   2.360 <-- main           0x10000329 0xb5f0
   2.360 <-- fw_info        0x10000691 0x4b40
   2.360 <-- commands       0x10007bd4
   2.360 <-- - enable       0x10000280
   2.360 <-- - disable      0x100002bc
   2.360 <-- - info         0x100002f8
   2.360 <-- - version      0x10000300
   2.360 <-- - ping         0x10000308
   2.360 <-- - mem_info     0x10000318
   2.360 <-- - fw_info      0x10000320
   2.360 <-- DEVICE_PROJECT 0x100076f8 211-command-usb
   2.375 <-- DEVICE_BOARD   0x10007750 pico
   2.375 <-- data_variable  0x20000f40 102
   2.375 <-- bss_variable   0x20001f0c 2
   2.375 <-- stack_variable 0x20041f7c 1946
   2.375 <-- heap_variable  0x20002410 1951
   4.407 --> fw_info
   4.547 <-- fw_info
   4.563 <-- dbg read_line:133 got fw_info
   4.563 <-- object         address    value
   4.563 <-- main           0x10000329 0xb5f0
   4.563 <-- fw_info        0x10000691 0x4b40
   4.563 <-- commands       0x10007bd4
   4.563 <-- - enable       0x10000280
   4.563 <-- - disable      0x100002bc
   4.579 <-- - info         0x100002f8
   4.594 <-- - version      0x10000300
   4.594 <-- - ping         0x10000308
   4.594 <-- - mem_info     0x10000318
   4.594 <-- - fw_info      0x10000320
   4.594 <-- DEVICE_PROJECT 0x100076f8 211-command-usb
   4.594 <-- DEVICE_BOARD   0x10007750 pico
   4.594 <-- data_variable  0x20000f40 103
   4.594 <-- bss_variable   0x20001f0c 3
   4.594 <-- stack_variable 0x20041f7c 1946
   4.594 <-- heap_variable  0x20002410 1951
итог: отправлено команд 3, принято строк 57
